This file contains any messages produced by compilers while
running configure, to aid debugging if configure makes a mistake.

It was created by libnl configure 3.11.0, which was
generated by GNU Autoconf 2.71.  Invocation command line was

  $ ./configure

## --------- ##
## Platform. ##
## --------- ##

hostname = falcon-x399
uname -m = x86_64
uname -r = 6.12.4-1-MANJARO
uname -s = Linux
uname -v = #1 SMP PREEMPT_DYNAMIC Mon, 09 Dec 2024 11:58:37 +0000

/usr/bin/uname -p = unknown
/bin/uname -X     = unknown

/bin/arch              = x86_64
/usr/bin/arch -k       = unknown
/usr/convex/getsysinfo = unknown
/usr/bin/hostinfo      = unknown
/bin/machine           = unknown
/usr/bin/oslevel       = unknown
/bin/universe          = unknown

PATH: /usr/local/sbin/
PATH: /usr/local/bin/
PATH: /usr/bin/
PATH: /usr/lib/jvm/default/bin/
PATH: /usr/bin/site_perl/
PATH: /usr/bin/vendor_perl/
PATH: /usr/bin/core_perl/
PATH: /var/lib/snapd/snap/bin/
PATH: /usr/local/VSCode-linux-x64/
PATH: /home/falcon/.local/apps/node-v16.13.0-linux-x64/bin/
PATH: /home/falcon/Git/epics-base/bin/linux-x86_64/


## ----------- ##
## Core tests. ##
## ----------- ##

configure:2817: looking for aux files: config.guess config.sub ltmain.sh compile ar-lib missing install-sh
configure:2830:  trying ./build-aux/
configure:2859:   ./build-aux/config.guess found
configure:2859:   ./build-aux/config.sub found
configure:2859:   ./build-aux/ltmain.sh found
configure:2859:   ./build-aux/compile found
configure:2859:   ./build-aux/ar-lib found
configure:2859:   ./build-aux/missing found
configure:2841:   ./build-aux/install-sh found
configure:2992: checking for a BSD-compatible install
configure:3065: result: /usr/bin/install -c
configure:3076: checking whether build environment is sane
configure:3131: result: yes
configure:3290: checking for a race-free mkdir -p
configure:3334: result: /usr/bin/mkdir -p
configure:3341: checking for gawk
configure:3362: found /usr/bin/gawk
configure:3373: result: gawk
configure:3384: checking whether make sets $(MAKE)
configure:3407: result: yes
configure:3437: checking whether make supports nested variables
configure:3455: result: yes
configure:3603: checking whether make supports nested variables
configure:3621: result: yes
configure:3645: checking whether make supports the include directive
configure:3660: make -f confmf.GNU && cat confinc.out
this is the am__doit target
configure:3663: $? = 0
configure:3682: result: yes (GNU style)
configure:3758: checking for gcc
configure:3779: found /usr/bin/gcc
configure:3790: result: gcc
configure:4143: checking for C compiler version
configure:4152: gcc --version >&5
gcc (GCC) 15.2.1 20250813
Copyright (C) 2025 Free Software Foundation, Inc.
This is free software; see the source for copying conditions.  There is NO
warranty; not even for MERCHANTABILITY or FITNESS FOR A PARTICULAR PURPOSE.

configure:4163: $? = 0
configure:4152: gcc -v >&5
Using built-in specs.
COLLECT_GCC=gcc
COLLECT_LTO_WRAPPER=/usr/lib/gcc/x86_64-pc-linux-gnu/15.2.1/lto-wrapper
Target: x86_64-pc-linux-gnu
Configured with: /build/gcc/src/gcc/configure --enable-languages=ada,c,c++,d,fortran,go,lto,m2,objc,obj-c++,rust,cobol --enable-bootstrap --prefix=/usr --libdir=/usr/lib --libexecdir=/usr/lib --mandir=/usr/share/man --infodir=/usr/share/info --with-bugurl=https://gitlab.archlinux.org/archlinux/packaging/packages/gcc/-/issues --with-build-config=bootstrap-lto --with-linker-hash-style=gnu --with-system-zlib --enable-__cxa_atexit --enable-cet=auto --enable-checking=release --enable-clocale=gnu --enable-default-pie --enable-default-ssp --enable-gnu-indirect-function --enable-gnu-unique-object --enable-libstdcxx-backtrace --enable-link-serialization=1 --enable-linker-build-id --enable-lto --enable-multilib --enable-plugin --enable-shared --enable-threads=posix --disable-libssp --disable-libstdcxx-pch --disable-werror
Thread model: posix
Supported LTO compression algorithms: zlib zstd
gcc version 15.2.1 20250813 (GCC) 
configure:4163: $? = 0
configure:4152: gcc -V >&5
gcc: error: unrecognized command-line option '-V'
gcc: fatal error: no input files
compilation terminated.
configure:4163: $? = 1
configure:4152: gcc -qversion >&5
gcc: error: unrecognized command-line option '-qversion'; did you mean '--version'?
gcc: fatal error: no input files
compilation terminated.
configure:4163: $? = 1
configure:4152: gcc -version >&5
gcc: error: unrecognized command-line option '-version'
gcc: fatal error: no input files
compilation terminated.
configure:4163: $? = 1
configure:4183: checking whether the C compiler works
configure:4205: gcc    conftest.c  >&5
configure:4209: $? = 0
configure:4259: result: yes
configure:4262: checking for C compiler default output file name
configure:4264: result: a.out
configure:4270: checking for suffix of executables
configure:4277: gcc -o conftest    conftest.c  >&5
configure:4281: $? = 0
configure:4304: result: 
configure:4326: checking whether we are cross compiling
configure:4334: gcc -o conftest    conftest.c  >&5
configure:4338: $? = 0
configure:4345: ./conftest
configure:4349: $? = 0
configure:4364: result: no
configure:4369: checking for suffix of object files
configure:4392: gcc -c   conftest.c >&5
configure:4396: $? = 0
configure:4418: result: o
configure:4422: checking whether the compiler supports GNU C
configure:4442: gcc -c   conftest.c >&5
configure:4442: $? = 0
configure:4452: result: yes
configure:4463: checking whether gcc accepts -g
configure:4484: gcc -c -g  conftest.c >&5
configure:4484: $? = 0
configure:4528: result: yes
configure:4548: checking for gcc option to enable C11 features
configure:4563: gcc  -c -g -O2  conftest.c >&5
conftest.c: In function 'e':
conftest.c:25:14: warning: old-style function definition [-Wold-style-definition]
   25 | static char *e (p, i)
      |              ^
configure:4563: $? = 0
configure:4581: result: none needed
configure:4697: checking whether gcc understands -c and -o together
configure:4720: gcc -c conftest.c -o conftest2.o
configure:4723: $? = 0
configure:4720: gcc -c conftest.c -o conftest2.o
configure:4723: $? = 0
configure:4735: result: yes
configure:4754: checking dependency style of gcc
configure:4866: result: gcc3
configure:4937: checking for ar
configure:4958: found /usr/bin/ar
configure:4969: result: ar
configure:4995: checking the archiver (ar) interface
configure:5012: gcc -c -g -O2  conftest.c >&5
configure:5012: $? = 0
configure:5015: ar cru libconftest.a conftest.o >&5
ar: `u' modifier ignored since `D' is the default (see `U')
configure:5018: $? = 0
configure:5046: result: ar
configure:5089: checking for stdio.h
configure:5089: gcc -c -g -O2  conftest.c >&5
configure:5089: $? = 0
configure:5089: result: yes
configure:5089: checking for stdlib.h
configure:5089: gcc -c -g -O2  conftest.c >&5
configure:5089: $? = 0
configure:5089: result: yes
configure:5089: checking for string.h
configure:5089: gcc -c -g -O2  conftest.c >&5
configure:5089: $? = 0
configure:5089: result: yes
configure:5089: checking for inttypes.h
configure:5089: gcc -c -g -O2  conftest.c >&5
configure:5089: $? = 0
configure:5089: result: yes
configure:5089: checking for stdint.h
configure:5089: gcc -c -g -O2  conftest.c >&5
configure:5089: $? = 0
configure:5089: result: yes
configure:5089: checking for strings.h
configure:5089: gcc -c -g -O2  conftest.c >&5
configure:5089: $? = 0
configure:5089: result: yes
configure:5089: checking for sys/stat.h
configure:5089: gcc -c -g -O2  conftest.c >&5
configure:5089: $? = 0
configure:5089: result: yes
configure:5089: checking for sys/types.h
configure:5089: gcc -c -g -O2  conftest.c >&5
configure:5089: $? = 0
configure:5089: result: yes
configure:5089: checking for unistd.h
configure:5089: gcc -c -g -O2  conftest.c >&5
configure:5089: $? = 0
configure:5089: result: yes
configure:5089: checking for wchar.h
configure:5089: gcc -c -g -O2  conftest.c >&5
configure:5089: $? = 0
configure:5089: result: yes
configure:5089: checking for minix/config.h
configure:5089: gcc -c -g -O2  conftest.c >&5
conftest.c:49:10: fatal error: minix/config.h: No such file or directory
   49 | #include <minix/config.h>
      |          ^~~~~~~~~~~~~~~~
compilation terminated.
configure:5089: $? = 1
configure: failed program was:
| /* confdefs.h */
| #define PACKAGE_NAME "libnl"
| #define PACKAGE_TARNAME "libnl"
| #define PACKAGE_VERSION "3.11.0"
| #define PACKAGE_STRING "libnl 3.11.0"
| #define PACKAGE_BUGREPORT ""
| #define PACKAGE_URL "http://www.infradead.org/~tgr/libnl/"
| #define PACKAGE "libnl"
| #define VERSION "3.11.0"
| #define HAVE_STDIO_H 1
| #define HAVE_STDLIB_H 1
| #define HAVE_STRING_H 1
| #define HAVE_INTTYPES_H 1
| #define HAVE_STDINT_H 1
| #define HAVE_STRINGS_H 1
| #define HAVE_SYS_STAT_H 1
| #define HAVE_SYS_TYPES_H 1
| #define HAVE_UNISTD_H 1
| #define HAVE_WCHAR_H 1
| /* end confdefs.h.  */
| #include <stddef.h>
| #ifdef HAVE_STDIO_H
| # include <stdio.h>
| #endif
| #ifdef HAVE_STDLIB_H
| # include <stdlib.h>
| #endif
| #ifdef HAVE_STRING_H
| # include <string.h>
| #endif
| #ifdef HAVE_INTTYPES_H
| # include <inttypes.h>
| #endif
| #ifdef HAVE_STDINT_H
| # include <stdint.h>
| #endif
| #ifdef HAVE_STRINGS_H
| # include <strings.h>
| #endif
| #ifdef HAVE_SYS_TYPES_H
| # include <sys/types.h>
| #endif
| #ifdef HAVE_SYS_STAT_H
| # include <sys/stat.h>
| #endif
| #ifdef HAVE_UNISTD_H
| # include <unistd.h>
| #endif
| #include <minix/config.h>
configure:5089: result: no
configure:5120: checking whether it is safe to define __EXTENSIONS__
configure:5139: gcc -c -g -O2  conftest.c >&5
configure:5139: $? = 0
configure:5147: result: yes
configure:5150: checking whether _XOPEN_SOURCE should be defined
configure:5172: gcc -c -g -O2  conftest.c >&5
configure:5172: $? = 0
configure:5199: result: no
configure:5309: checking for gcc
configure:5341: result: gcc
configure:5694: checking for C compiler version
configure:5703: gcc --version >&5
gcc (GCC) 15.2.1 20250813
Copyright (C) 2025 Free Software Foundation, Inc.
This is free software; see the source for copying conditions.  There is NO
warranty; not even for MERCHANTABILITY or FITNESS FOR A PARTICULAR PURPOSE.

configure:5714: $? = 0
configure:5703: gcc -v >&5
Using built-in specs.
COLLECT_GCC=gcc
COLLECT_LTO_WRAPPER=/usr/lib/gcc/x86_64-pc-linux-gnu/15.2.1/lto-wrapper
Target: x86_64-pc-linux-gnu
Configured with: /build/gcc/src/gcc/configure --enable-languages=ada,c,c++,d,fortran,go,lto,m2,objc,obj-c++,rust,cobol --enable-bootstrap --prefix=/usr --libdir=/usr/lib --libexecdir=/usr/lib --mandir=/usr/share/man --infodir=/usr/share/info --with-bugurl=https://gitlab.archlinux.org/archlinux/packaging/packages/gcc/-/issues --with-build-config=bootstrap-lto --with-linker-hash-style=gnu --with-system-zlib --enable-__cxa_atexit --enable-cet=auto --enable-checking=release --enable-clocale=gnu --enable-default-pie --enable-default-ssp --enable-gnu-indirect-function --enable-gnu-unique-object --enable-libstdcxx-backtrace --enable-link-serialization=1 --enable-linker-build-id --enable-lto --enable-multilib --enable-plugin --enable-shared --enable-threads=posix --disable-libssp --disable-libstdcxx-pch --disable-werror
Thread model: posix
Supported LTO compression algorithms: zlib zstd
gcc version 15.2.1 20250813 (GCC) 
configure:5714: $? = 0
configure:5703: gcc -V >&5
gcc: error: unrecognized command-line option '-V'
gcc: fatal error: no input files
compilation terminated.
configure:5714: $? = 1
configure:5703: gcc -qversion >&5
gcc: error: unrecognized command-line option '-qversion'; did you mean '--version'?
gcc: fatal error: no input files
compilation terminated.
configure:5714: $? = 1
configure:5703: gcc -version >&5
gcc: error: unrecognized command-line option '-version'
gcc: fatal error: no input files
compilation terminated.
configure:5714: $? = 1
configure:5718: checking whether the compiler supports GNU C
configure:5748: result: yes
configure:5759: checking whether gcc accepts -g
configure:5824: result: yes
configure:5844: checking for gcc option to enable C11 features
configure:5877: result: none needed
configure:5993: checking whether gcc understands -c and -o together
configure:6031: result: yes
configure:6050: checking dependency style of gcc
configure:6162: result: gcc3
configure:6247: checking for g++
configure:6268: found /usr/bin/g++
configure:6279: result: g++
configure:6306: checking for C++ compiler version
configure:6315: g++ --version >&5
g++ (GCC) 15.2.1 20250813
Copyright (C) 2025 Free Software Foundation, Inc.
This is free software; see the source for copying conditions.  There is NO
warranty; not even for MERCHANTABILITY or FITNESS FOR A PARTICULAR PURPOSE.

configure:6326: $? = 0
configure:6315: g++ -v >&5
Using built-in specs.
COLLECT_GCC=g++
COLLECT_LTO_WRAPPER=/usr/lib/gcc/x86_64-pc-linux-gnu/15.2.1/lto-wrapper
Target: x86_64-pc-linux-gnu
Configured with: /build/gcc/src/gcc/configure --enable-languages=ada,c,c++,d,fortran,go,lto,m2,objc,obj-c++,rust,cobol --enable-bootstrap --prefix=/usr --libdir=/usr/lib --libexecdir=/usr/lib --mandir=/usr/share/man --infodir=/usr/share/info --with-bugurl=https://gitlab.archlinux.org/archlinux/packaging/packages/gcc/-/issues --with-build-config=bootstrap-lto --with-linker-hash-style=gnu --with-system-zlib --enable-__cxa_atexit --enable-cet=auto --enable-checking=release --enable-clocale=gnu --enable-default-pie --enable-default-ssp --enable-gnu-indirect-function --enable-gnu-unique-object --enable-libstdcxx-backtrace --enable-link-serialization=1 --enable-linker-build-id --enable-lto --enable-multilib --enable-plugin --enable-shared --enable-threads=posix --disable-libssp --disable-libstdcxx-pch --disable-werror
Thread model: posix
Supported LTO compression algorithms: zlib zstd
gcc version 15.2.1 20250813 (GCC) 
configure:6326: $? = 0
configure:6315: g++ -V >&5
g++: error: unrecognized command-line option '-V'
g++: fatal error: no input files
compilation terminated.
configure:6326: $? = 1
configure:6315: g++ -qversion >&5
g++: error: unrecognized command-line option '-qversion'; did you mean '--version'?
g++: fatal error: no input files
compilation terminated.
configure:6326: $? = 1
configure:6330: checking whether the compiler supports GNU C++
configure:6350: g++ -c   conftest.cpp >&5
configure:6350: $? = 0
configure:6360: result: yes
configure:6371: checking whether g++ accepts -g
configure:6392: g++ -c -g  conftest.cpp >&5
configure:6392: $? = 0
configure:6436: result: yes
configure:6456: checking for g++ option to enable C++11 features
configure:6471: g++  -c -g -O2  conftest.cpp >&5
conftest.cpp: In function 'int main(int, char**)':
conftest.cpp:204:25: warning: empty parentheses were disambiguated as a function declaration [-Wvexing-parse]
  204 |   cxx11test::delegate d2();
      |                         ^~
conftest.cpp:204:25: note: remove parentheses to default-initialize a variable
  204 |   cxx11test::delegate d2();
      |                         ^~
      |                         --
conftest.cpp:204:25: note: or replace parentheses with braces to value-initialize a variable
configure:6471: $? = 0
configure:6489: result: none needed
configure:6555: checking dependency style of g++
configure:6667: result: gcc3
configure:6715: checking build system type
configure:6730: result: x86_64-pc-linux-gnu
configure:6750: checking host system type
configure:6764: result: x86_64-pc-linux-gnu
configure:6805: checking how to print strings
configure:6832: result: printf
configure:6853: checking for a sed that does not truncate output
configure:6923: result: /usr/bin/sed
configure:6941: checking for grep that handles long lines and -e
configure:7005: result: /usr/bin/grep
configure:7010: checking for egrep
configure:7078: result: /usr/bin/grep -E
configure:7083: checking for fgrep
configure:7151: result: /usr/bin/grep -F
configure:7187: checking for ld used by gcc
configure:7255: result: /usr/bin/ld
configure:7262: checking if the linker (/usr/bin/ld) is GNU ld
configure:7278: result: yes
configure:7290: checking for BSD- or MS-compatible name lister (nm)
configure:7345: result: /usr/bin/nm -B
configure:7485: checking the name lister (/usr/bin/nm -B) interface
configure:7493: gcc -c -g -O2  conftest.c >&5
configure:7496: /usr/bin/nm -B "conftest.o"
configure:7499: output
0000000000000000 B some_variable
configure:7506: result: BSD nm
configure:7509: checking whether ln -s works
configure:7513: result: yes
configure:7521: checking the maximum length of command line arguments
configure:7653: result: 1572864
configure:7701: checking how to convert x86_64-pc-linux-gnu file names to x86_64-pc-linux-gnu format
configure:7742: result: func_convert_file_noop
configure:7749: checking how to convert x86_64-pc-linux-gnu file names to toolchain format
configure:7770: result: func_convert_file_noop
configure:7777: checking for /usr/bin/ld option to reload object files
configure:7785: result: -r
configure:7864: checking for file
configure:7885: found /usr/bin/file
configure:7896: result: file
configure:7972: checking for objdump
configure:7993: found /usr/bin/objdump
configure:8004: result: objdump
configure:8036: checking how to recognize dependent libraries
configure:8237: result: pass_all
configure:8327: checking for dlltool
configure:8362: result: no
configure:8392: checking how to associate runtime and link libraries
configure:8420: result: printf %s\n
configure:8570: checking for archiver @FILE support
configure:8588: gcc -c -g -O2  conftest.c >&5
configure:8588: $? = 0
configure:8592: ar cr libconftest.a @conftest.lst >&5
configure:8595: $? = 0
configure:8600: ar cr libconftest.a @conftest.lst >&5
ar: conftest.o: No such file or directory
configure:8603: $? = 1
configure:8615: result: @
configure:8678: checking for strip
configure:8699: found /usr/bin/strip
configure:8710: result: strip
configure:8787: checking for ranlib
configure:8808: found /usr/bin/ranlib
configure:8819: result: ranlib
configure:8921: checking command to parse /usr/bin/nm -B output from gcc object
configure:9075: gcc -c -g -O2  conftest.c >&5
configure:9078: $? = 0
configure:9082: /usr/bin/nm -B conftest.o \| /usr/bin/sed -n -e 's/^.*[ ]\([ABCDGIRSTW][ABCDGIRSTW]*\)[ ][ ]*\([_A-Za-z][_A-Za-z0-9]*\)$/\1 \2 \2/p' | /usr/bin/sed '/ __gnu_lto/d' \> conftest.nm
configure:9085: $? = 0
configure:9151: gcc -o conftest -g -O2   conftest.c conftstm.o >&5
configure:9154: $? = 0
configure:9192: result: ok
configure:9239: checking for sysroot
configure:9270: result: no
configure:9277: checking for a working dd
configure:9321: result: /usr/bin/dd
configure:9325: checking how to truncate binary pipes
configure:9341: result: /usr/bin/dd bs=4096 count=1
configure:9478: gcc -c -g -O2  conftest.c >&5
configure:9481: $? = 0
configure:9678: checking for mt
configure:9713: result: no
configure:9733: checking if : is a manifest tool
configure:9740: : '-?'
configure:9748: result: no
configure:10469: checking for dlfcn.h
configure:10469: gcc -c -g -O2  conftest.c >&5
configure:10469: $? = 0
configure:10469: result: yes
configure:10739: checking for objdir
configure:10755: result: .libs
configure:11019: checking if gcc supports -fno-rtti -fno-exceptions
configure:11038: gcc -c -g -O2  -fno-rtti -fno-exceptions conftest.c >&5
cc1: warning: command-line option '-fno-rtti' is valid for C++/D/ObjC++ but not for C
configure:11042: $? = 0
configure:11055: result: no
configure:11413: checking for gcc option to produce PIC
configure:11421: result: -fPIC -DPIC
configure:11429: checking if gcc PIC flag -fPIC -DPIC works
configure:11448: gcc -c -g -O2  -fPIC -DPIC -DPIC conftest.c >&5
configure:11452: $? = 0
configure:11465: result: yes
configure:11494: checking if gcc static flag -static works
configure:11523: result: yes
configure:11538: checking if gcc supports -c -o file.o
configure:11560: gcc -c -g -O2  -o out/conftest2.o conftest.c >&5
configure:11564: $? = 0
configure:11586: result: yes
configure:11594: checking if gcc supports -c -o file.o
configure:11642: result: yes
configure:11675: checking whether the gcc linker (/usr/bin/ld -m elf_x86_64) supports shared libraries
configure:12943: result: yes
configure:12980: checking whether -lc should be explicitly linked in
configure:12989: gcc -c -g -O2  conftest.c >&5
configure:12992: $? = 0
configure:13007: gcc -shared  -fPIC -DPIC conftest.o  -v -Wl,-soname -Wl,conftest -o conftest 2\>\&1 \| /usr/bin/grep  -lc  \>/dev/null 2\>\&1
configure:13010: $? = 0
configure:13024: result: no
configure:13184: checking dynamic linker characteristics
configure:13766: gcc -o conftest -g -O2   -Wl,-rpath -Wl,/foo conftest.c  >&5
configure:13766: $? = 0
configure:14008: result: GNU/Linux ld.so
configure:14130: checking how to hardcode library paths into programs
configure:14155: result: immediate
configure:14707: checking whether stripping libraries is possible
configure:14716: result: yes
configure:14758: checking if libtool supports shared libraries
configure:14760: result: yes
configure:14763: checking whether to build shared libraries
configure:14788: result: yes
configure:14791: checking whether to build static libraries
configure:14795: result: yes
configure:14818: checking how to run the C++ preprocessor
configure:14840: g++ -E  conftest.cpp
configure:14840: $? = 0
configure:14855: g++ -E  conftest.cpp
conftest.cpp:40:10: fatal error: ac_nonexistent.h: No such file or directory
   40 | #include <ac_nonexistent.h>
      |          ^~~~~~~~~~~~~~~~~~
compilation terminated.
configure:14855: $? = 1
configure: failed program was:
| /* confdefs.h */
| #define PACKAGE_NAME "libnl"
| #define PACKAGE_TARNAME "libnl"
| #define PACKAGE_VERSION "3.11.0"
| #define PACKAGE_STRING "libnl 3.11.0"
| #define PACKAGE_BUGREPORT ""
| #define PACKAGE_URL "http://www.infradead.org/~tgr/libnl/"
| #define PACKAGE "libnl"
| #define VERSION "3.11.0"
| #define HAVE_STDIO_H 1
| #define HAVE_STDLIB_H 1
| #define HAVE_STRING_H 1
| #define HAVE_INTTYPES_H 1
| #define HAVE_STDINT_H 1
| #define HAVE_STRINGS_H 1
| #define HAVE_SYS_STAT_H 1
| #define HAVE_SYS_TYPES_H 1
| #define HAVE_UNISTD_H 1
| #define HAVE_WCHAR_H 1
| #define STDC_HEADERS 1
| #define _ALL_SOURCE 1
| #define _DARWIN_C_SOURCE 1
| #define _GNU_SOURCE 1
| #define _HPUX_ALT_XOPEN_SOCKET_API 1
| #define _NETBSD_SOURCE 1
| #define _OPENBSD_SOURCE 1
| #define _POSIX_PTHREAD_SEMANTICS 1
| #define __STDC_WANT_IEC_60559_ATTRIBS_EXT__ 1
| #define __STDC_WANT_IEC_60559_BFP_EXT__ 1
| #define __STDC_WANT_IEC_60559_DFP_EXT__ 1
| #define __STDC_WANT_IEC_60559_FUNCS_EXT__ 1
| #define __STDC_WANT_IEC_60559_TYPES_EXT__ 1
| #define __STDC_WANT_LIB_EXT2__ 1
| #define __STDC_WANT_MATH_SPEC_FUNCS__ 1
| #define _TANDEM_SOURCE 1
| #define __EXTENSIONS__ 1
| #define HAVE_DLFCN_H 1
| #define LT_OBJDIR ".libs/"
| /* end confdefs.h.  */
| #include <ac_nonexistent.h>
configure:14882: result: g++ -E
configure:14896: g++ -E  conftest.cpp
configure:14896: $? = 0
configure:14911: g++ -E  conftest.cpp
conftest.cpp:40:10: fatal error: ac_nonexistent.h: No such file or directory
   40 | #include <ac_nonexistent.h>
      |          ^~~~~~~~~~~~~~~~~~
compilation terminated.
configure:14911: $? = 1
configure: failed program was:
| /* confdefs.h */
| #define PACKAGE_NAME "libnl"
| #define PACKAGE_TARNAME "libnl"
| #define PACKAGE_VERSION "3.11.0"
| #define PACKAGE_STRING "libnl 3.11.0"
| #define PACKAGE_BUGREPORT ""
| #define PACKAGE_URL "http://www.infradead.org/~tgr/libnl/"
| #define PACKAGE "libnl"
| #define VERSION "3.11.0"
| #define HAVE_STDIO_H 1
| #define HAVE_STDLIB_H 1
| #define HAVE_STRING_H 1
| #define HAVE_INTTYPES_H 1
| #define HAVE_STDINT_H 1
| #define HAVE_STRINGS_H 1
| #define HAVE_SYS_STAT_H 1
| #define HAVE_SYS_TYPES_H 1
| #define HAVE_UNISTD_H 1
| #define HAVE_WCHAR_H 1
| #define STDC_HEADERS 1
| #define _ALL_SOURCE 1
| #define _DARWIN_C_SOURCE 1
| #define _GNU_SOURCE 1
| #define _HPUX_ALT_XOPEN_SOCKET_API 1
| #define _NETBSD_SOURCE 1
| #define _OPENBSD_SOURCE 1
| #define _POSIX_PTHREAD_SEMANTICS 1
| #define __STDC_WANT_IEC_60559_ATTRIBS_EXT__ 1
| #define __STDC_WANT_IEC_60559_BFP_EXT__ 1
| #define __STDC_WANT_IEC_60559_DFP_EXT__ 1
| #define __STDC_WANT_IEC_60559_FUNCS_EXT__ 1
| #define __STDC_WANT_IEC_60559_TYPES_EXT__ 1
| #define __STDC_WANT_LIB_EXT2__ 1
| #define __STDC_WANT_MATH_SPEC_FUNCS__ 1
| #define _TANDEM_SOURCE 1
| #define __EXTENSIONS__ 1
| #define HAVE_DLFCN_H 1
| #define LT_OBJDIR ".libs/"
| /* end confdefs.h.  */
| #include <ac_nonexistent.h>
configure:15076: checking for ld used by g++
configure:15144: result: /usr/bin/ld -m elf_x86_64
configure:15151: checking if the linker (/usr/bin/ld -m elf_x86_64) is GNU ld
configure:15167: result: yes
configure:15222: checking whether the g++ linker (/usr/bin/ld -m elf_x86_64) supports shared libraries
configure:16300: result: yes
configure:16336: g++ -c -g -O2  conftest.cpp >&5
configure:16339: $? = 0
configure:16820: checking for g++ option to produce PIC
configure:16828: result: -fPIC -DPIC
configure:16836: checking if g++ PIC flag -fPIC -DPIC works
configure:16855: g++ -c -g -O2  -fPIC -DPIC -DPIC conftest.cpp >&5
configure:16859: $? = 0
configure:16872: result: yes
configure:16895: checking if g++ static flag -static works
configure:16924: result: yes
configure:16936: checking if g++ supports -c -o file.o
configure:16958: g++ -c -g -O2  -o out/conftest2.o conftest.cpp >&5
configure:16962: $? = 0
configure:16984: result: yes
configure:16989: checking if g++ supports -c -o file.o
configure:17037: result: yes
configure:17067: checking whether the g++ linker (/usr/bin/ld -m elf_x86_64) supports shared libraries
configure:17107: result: yes
configure:17249: checking dynamic linker characteristics
configure:18000: result: GNU/Linux ld.so
configure:18065: checking how to hardcode library paths into programs
configure:18090: result: immediate
configure:18156: checking for flex
configure:18177: found /usr/bin/flex
configure:18188: result: flex
configure:18203: checking for bison
configure:18224: found /usr/bin/bison
configure:18235: result: bison -y
configure:18247: checking for an ANSI C-conforming const
configure:18314: gcc -c -g -O2  conftest.c >&5
configure:18314: $? = 0
configure:18322: result: yes
configure:18330: checking for inline
configure:18347: gcc -c -g -O2  conftest.c >&5
configure:18347: $? = 0
configure:18356: result: inline
configure:18394: g++ -c -g -O2  conftest.cpp >&5
configure:18394: $? = 0
configure:18475: checking for pkg-config
configure:18498: found /usr/bin/pkg-config
configure:18510: result: /usr/bin/pkg-config
configure:18535: checking pkg-config is at least version 0.9.0
configure:18538: result: yes
configure:18548: checking for check >= 0.9.0
configure:18555: $PKG_CONFIG --exists --print-errors "check >= 0.9.0"
Package check was not found in the pkg-config search path.
Perhaps you should add the directory containing `check.pc'
to the PKG_CONFIG_PATH environment variable
Package 'check' not found
configure:18558: $? = 1
configure:18572: $PKG_CONFIG --exists --print-errors "check >= 0.9.0"
Package check was not found in the pkg-config search path.
Perhaps you should add the directory containing `check.pc'
to the PKG_CONFIG_PATH environment variable
Package 'check' not found
configure:18575: $? = 1
configure:18589: result: no
Package 'check' not found
configure:18605: WARNING: *** Disabling building of unit tests
configure:18679: checking for dlfcn.h
configure:18679: result: yes
configure:18708: checking for pthread_mutex_lock in -lpthread
configure:18731: gcc -o conftest -g -O2   conftest.c -lpthread   >&5
configure:18731: $? = 0
configure:18741: result: yes
configure:18788: checking for strerror_l
configure:18788: gcc -o conftest -g -O2   conftest.c -lpthread  >&5
configure:18788: $? = 0
configure:18788: result: yes
configure:18796: checking for gcc options needed to detect all undeclared functions
configure:18818: gcc -c -g -O2   conftest.c >&5
conftest.c: In function 'main':
conftest.c:48:8: error: 'strchr' undeclared (first use in this function)
   48 | (void) strchr;
      |        ^~~~~~
conftest.c:1:1: note: 'strchr' is defined in header '<string.h>'; this is probably fixable by adding '#include <string.h>'
    1 | /* confdefs.h */
conftest.c:48:8: note: each undeclared identifier is reported only once for each function it appears in
   48 | (void) strchr;
      |        ^~~~~~
configure:18818: $? = 1
configure: failed program was:
| /* confdefs.h */
| #define PACKAGE_NAME "libnl"
| #define PACKAGE_TARNAME "libnl"
| #define PACKAGE_VERSION "3.11.0"
| #define PACKAGE_STRING "libnl 3.11.0"
| #define PACKAGE_BUGREPORT ""
| #define PACKAGE_URL "http://www.infradead.org/~tgr/libnl/"
| #define PACKAGE "libnl"
| #define VERSION "3.11.0"
| #define HAVE_STDIO_H 1
| #define HAVE_STDLIB_H 1
| #define HAVE_STRING_H 1
| #define HAVE_INTTYPES_H 1
| #define HAVE_STDINT_H 1
| #define HAVE_STRINGS_H 1
| #define HAVE_SYS_STAT_H 1
| #define HAVE_SYS_TYPES_H 1
| #define HAVE_UNISTD_H 1
| #define HAVE_WCHAR_H 1
| #define STDC_HEADERS 1
| #define _ALL_SOURCE 1
| #define _DARWIN_C_SOURCE 1
| #define _GNU_SOURCE 1
| #define _HPUX_ALT_XOPEN_SOCKET_API 1
| #define _NETBSD_SOURCE 1
| #define _OPENBSD_SOURCE 1
| #define _POSIX_PTHREAD_SEMANTICS 1
| #define __STDC_WANT_IEC_60559_ATTRIBS_EXT__ 1
| #define __STDC_WANT_IEC_60559_BFP_EXT__ 1
| #define __STDC_WANT_IEC_60559_DFP_EXT__ 1
| #define __STDC_WANT_IEC_60559_FUNCS_EXT__ 1
| #define __STDC_WANT_IEC_60559_TYPES_EXT__ 1
| #define __STDC_WANT_LIB_EXT2__ 1
| #define __STDC_WANT_MATH_SPEC_FUNCS__ 1
| #define _TANDEM_SOURCE 1
| #define __EXTENSIONS__ 1
| #define HAVE_DLFCN_H 1
| #define LT_OBJDIR ".libs/"
| #define HAVE_DLFCN_H 1
| #define HAVE_LIBPTHREAD 1
| #define NL_DEBUG 1
| #define HAVE_STRERROR_L 1
| /* end confdefs.h.  */
| 
| int
| main (void)
| {
| (void) strchr;
|   ;
|   return 0;
| }
configure:18845: gcc -c -g -O2   conftest.c >&5
configure:18845: $? = 0
configure:18862: result: none needed
configure:18876: checking whether getprotobyname_r is declared
configure:18876: gcc -c -g -O2   conftest.c >&5
configure:18876: $? = 0
configure:18876: result: yes
configure:18887: checking whether getprotobynumber_r is declared
configure:18887: gcc -c -g -O2   conftest.c >&5
configure:18887: $? = 0
configure:18887: result: yes
configure:19027: checking that generated files are newer than configure
configure:19033: result: done
configure:19092: creating ./config.status

## ---------------------- ##
## Running config.status. ##
## ---------------------- ##

This file was extended by libnl config.status 3.11.0, which was
generated by GNU Autoconf 2.71.  Invocation command line was

  CONFIG_FILES    = 
  CONFIG_HEADERS  = 
  CONFIG_LINKS    = 
  CONFIG_COMMANDS = 
  $ ./config.status 

on falcon-x399

config.status:1208: creating Makefile
config.status:1208: creating libnl-3.0.pc
config.status:1208: creating libnl-route-3.0.pc
config.status:1208: creating libnl-genl-3.0.pc
config.status:1208: creating libnl-nf-3.0.pc
config.status:1208: creating libnl-cli-3.0.pc
config.status:1208: creating libnl-xfrm-3.0.pc
config.status:1208: creating libnl-idiag-3.0.pc
config.status:1208: creating python/setup.py
config.status:1208: creating include/netlink/version.h
config.status:1208: creating include/config.h
config.status:1437: executing depfiles commands
config.status:1512: cd .       && sed -e '/# am--include-marker/d' Makefile         | make -f - am--depfiles
config.status:1519: $? = 0
config.status:1437: executing libtool commands

## ---------------- ##
## Cache variables. ##
## ---------------- ##

ac_cv_build=x86_64-pc-linux-gnu
ac_cv_c_compiler_gnu=yes
ac_cv_c_const=yes
ac_cv_c_inline=inline
ac_cv_c_undeclared_builtin_options='none needed'
ac_cv_cxx_compiler_gnu=yes
ac_cv_env_CCC_set=
ac_cv_env_CCC_value=
ac_cv_env_CC_set=
ac_cv_env_CC_value=
ac_cv_env_CFLAGS_set=
ac_cv_env_CFLAGS_value=
ac_cv_env_CHECK_CFLAGS_set=
ac_cv_env_CHECK_CFLAGS_value=
ac_cv_env_CHECK_LIBS_set=
ac_cv_env_CHECK_LIBS_value=
ac_cv_env_CPPFLAGS_set=
ac_cv_env_CPPFLAGS_value=
ac_cv_env_CXXCPP_set=
ac_cv_env_CXXCPP_value=
ac_cv_env_CXXFLAGS_set=
ac_cv_env_CXXFLAGS_value=
ac_cv_env_CXX_set=
ac_cv_env_CXX_value=
ac_cv_env_LDFLAGS_set=
ac_cv_env_LDFLAGS_value=
ac_cv_env_LIBS_set=
ac_cv_env_LIBS_value=
ac_cv_env_LT_SYS_LIBRARY_PATH_set=
ac_cv_env_LT_SYS_LIBRARY_PATH_value=
ac_cv_env_PKG_CONFIG_LIBDIR_set=
ac_cv_env_PKG_CONFIG_LIBDIR_value=
ac_cv_env_PKG_CONFIG_PATH_set=
ac_cv_env_PKG_CONFIG_PATH_value=
ac_cv_env_PKG_CONFIG_set=
ac_cv_env_PKG_CONFIG_value=
ac_cv_env_build_alias_set=
ac_cv_env_build_alias_value=
ac_cv_env_host_alias_set=
ac_cv_env_host_alias_value=
ac_cv_env_target_alias_set=
ac_cv_env_target_alias_value=
ac_cv_func_strerror_l=yes
ac_cv_have_decl_getprotobyname_r=yes
ac_cv_have_decl_getprotobynumber_r=yes
ac_cv_header_dlfcn_h=yes
ac_cv_header_inttypes_h=yes
ac_cv_header_minix_config_h=no
ac_cv_header_stdint_h=yes
ac_cv_header_stdio_h=yes
ac_cv_header_stdlib_h=yes
ac_cv_header_string_h=yes
ac_cv_header_strings_h=yes
ac_cv_header_sys_stat_h=yes
ac_cv_header_sys_types_h=yes
ac_cv_header_unistd_h=yes
ac_cv_header_wchar_h=yes
ac_cv_host=x86_64-pc-linux-gnu
ac_cv_lib_pthread_pthread_mutex_lock=yes
ac_cv_objext=o
ac_cv_path_EGREP='/usr/bin/grep -E'
ac_cv_path_FGREP='/usr/bin/grep -F'
ac_cv_path_GREP=/usr/bin/grep
ac_cv_path_SED=/usr/bin/sed
ac_cv_path_ac_pt_PKG_CONFIG=/usr/bin/pkg-config
ac_cv_path_install='/usr/bin/install -c'
ac_cv_path_lt_DD=/usr/bin/dd
ac_cv_path_mkdir=/usr/bin/mkdir
ac_cv_prog_AWK=gawk
ac_cv_prog_CXXCPP='g++ -E'
ac_cv_prog_FLEX=flex
ac_cv_prog_YACC='bison -y'
ac_cv_prog_ac_ct_AR=ar
ac_cv_prog_ac_ct_CC=gcc
ac_cv_prog_ac_ct_CXX=g++
ac_cv_prog_ac_ct_FILECMD=file
ac_cv_prog_ac_ct_OBJDUMP=objdump
ac_cv_prog_ac_ct_RANLIB=ranlib
ac_cv_prog_ac_ct_STRIP=strip
ac_cv_prog_cc_c11=
ac_cv_prog_cc_g=yes
ac_cv_prog_cc_stdc=
ac_cv_prog_cxx_cxx11=
ac_cv_prog_cxx_g=yes
ac_cv_prog_cxx_stdcxx=
ac_cv_prog_make_make_set=yes
ac_cv_safe_to_define___extensions__=yes
ac_cv_should_define__xopen_source=no
am_cv_CC_dependencies_compiler_type=gcc3
am_cv_CXX_dependencies_compiler_type=gcc3
am_cv_ar_interface=ar
am_cv_make_support_nested_variables=yes
am_cv_prog_cc_c_o=yes
lt_cv_ar_at_file=@
lt_cv_archive_cmds_need_lc=no
lt_cv_deplibs_check_method=pass_all
lt_cv_file_magic_cmd='$MAGIC_CMD'
lt_cv_file_magic_test_file=
lt_cv_ld_reload_flag=-r
lt_cv_nm_interface='BSD nm'
lt_cv_objdir=.libs
lt_cv_path_LD=/usr/bin/ld
lt_cv_path_LDCXX='/usr/bin/ld -m elf_x86_64'
lt_cv_path_NM='/usr/bin/nm -B'
lt_cv_path_mainfest_tool=no
lt_cv_prog_compiler_c_o=yes
lt_cv_prog_compiler_c_o_CXX=yes
lt_cv_prog_compiler_pic='-fPIC -DPIC'
lt_cv_prog_compiler_pic_CXX='-fPIC -DPIC'
lt_cv_prog_compiler_pic_works=yes
lt_cv_prog_compiler_pic_works_CXX=yes
lt_cv_prog_compiler_rtti_exceptions=no
lt_cv_prog_compiler_static_works=yes
lt_cv_prog_compiler_static_works_CXX=yes
lt_cv_prog_gnu_ld=yes
lt_cv_prog_gnu_ldcxx=yes
lt_cv_sharedlib_from_linklib_cmd='printf %s\n'
lt_cv_shlibpath_overrides_runpath=yes
lt_cv_sys_global_symbol_pipe='/usr/bin/sed -n -e '\''s/^.*[	 ]\([ABCDGIRSTW][ABCDGIRSTW]*\)[	 ][	 ]*\([_A-Za-z][_A-Za-z0-9]*\)$/\1 \2 \2/p'\'' | /usr/bin/sed '\''/ __gnu_lto/d'\'''
lt_cv_sys_global_symbol_to_c_name_address='/usr/bin/sed -n -e '\''s/^: \(.*\) .*$/  {"\1", (void *) 0},/p'\'' -e '\''s/^[ABCDGIRSTW][ABCDGIRSTW]* .* \(.*\)$/  {"\1", (void *) \&\1},/p'\'''
lt_cv_sys_global_symbol_to_c_name_address_lib_prefix='/usr/bin/sed -n -e '\''s/^: \(.*\) .*$/  {"\1", (void *) 0},/p'\'' -e '\''s/^[ABCDGIRSTW][ABCDGIRSTW]* .* \(lib.*\)$/  {"\1", (void *) \&\1},/p'\'' -e '\''s/^[ABCDGIRSTW][ABCDGIRSTW]* .* \(.*\)$/  {"lib\1", (void *) \&\1},/p'\'''
lt_cv_sys_global_symbol_to_cdecl='/usr/bin/sed -n -e '\''s/^T .* \(.*\)$/extern int \1();/p'\'' -e '\''s/^[ABCDGIRSTW][ABCDGIRSTW]* .* \(.*\)$/extern char \1;/p'\'''
lt_cv_sys_global_symbol_to_import=
lt_cv_sys_max_cmd_len=1572864
lt_cv_to_host_file_cmd=func_convert_file_noop
lt_cv_to_tool_file_cmd=func_convert_file_noop
lt_cv_truncate_bin='/usr/bin/dd bs=4096 count=1'

## ----------------- ##
## Output variables. ##
## ----------------- ##

ACLOCAL='${SHELL} '\''/work/bryant/Git/ohnet/thirdparty/libnl-3.11.0/build-aux/missing'\'' aclocal-1.16'
AMDEPBACKSLASH='\'
AMDEP_FALSE='#'
AMDEP_TRUE=''
AMTAR='$${TAR-tar}'
AM_BACKSLASH='\'
AM_DEFAULT_V='$(AM_DEFAULT_VERBOSITY)'
AM_DEFAULT_VERBOSITY='0'
AM_V='$(V)'
AR='ar'
AUTOCONF='${SHELL} '\''/work/bryant/Git/ohnet/thirdparty/libnl-3.11.0/build-aux/missing'\'' autoconf'
AUTOHEADER='${SHELL} '\''/work/bryant/Git/ohnet/thirdparty/libnl-3.11.0/build-aux/missing'\'' autoheader'
AUTOMAKE='${SHELL} '\''/work/bryant/Git/ohnet/thirdparty/libnl-3.11.0/build-aux/missing'\'' automake-1.16'
AWK='gawk'
CC='gcc'
CCDEPMODE='depmode=gcc3'
CFLAGS='-g -O2'
CHECK_CFLAGS=''
CHECK_LIBS=''
CPPFLAGS=''
CSCOPE='cscope'
CTAGS='ctags'
CXX='g++'
CXXCPP='g++ -E'
CXXDEPMODE='depmode=gcc3'
CXXFLAGS='-g -O2'
CYGPATH_W='echo'
DEFS='-DHAVE_CONFIG_H'
DEPDIR='.deps'
DISABLE_PTHREADS_FALSE=''
DISABLE_PTHREADS_TRUE='#'
DLLTOOL='false'
DSYMUTIL=''
DUMPBIN=''
ECHO_C=''
ECHO_N='-n'
ECHO_T=''
EGREP='/usr/bin/grep -E'
ENABLE_CLI_FALSE='#'
ENABLE_CLI_INSTALL_BIN_FALSE='#'
ENABLE_CLI_INSTALL_BIN_TRUE=''
ENABLE_CLI_INSTALL_SBIN_FALSE=''
ENABLE_CLI_INSTALL_SBIN_TRUE='#'
ENABLE_CLI_TRUE=''
ENABLE_STATIC_FALSE='#'
ENABLE_STATIC_TRUE=''
ETAGS='etags'
EXEEXT=''
FGREP='/usr/bin/grep -F'
FILECMD='file'
FLEX='flex'
GREP='/usr/bin/grep'
HAS_CXX_FALSE='#'
HAS_CXX_TRUE=''
INSTALL_DATA='${INSTALL} -m 644'
INSTALL_PROGRAM='${INSTALL}'
INSTALL_SCRIPT='${INSTALL}'
INSTALL_STRIP_PROGRAM='$(install_sh) -c -s'
LD='/usr/bin/ld -m elf_x86_64'
LDFLAGS=''
LIBNL_VERSION='3.11.0'
LIBOBJS=''
LIBS='-lpthread '
LIBTOOL='$(SHELL) $(top_builddir)/libtool'
LIPO=''
LN_S='ln -s'
LTLIBOBJS=''
LT_AGE='26'
LT_CURRENT='226'
LT_REVISION='0'
LT_SYS_LIBRARY_PATH=''
MAJ_VERSION='3'
MAKEINFO='${SHELL} '\''/work/bryant/Git/ohnet/thirdparty/libnl-3.11.0/build-aux/missing'\'' makeinfo'
MANIFEST_TOOL=':'
MIC_VERSION='0'
MIN_VERSION='11'
MKDIR_P='/usr/bin/mkdir -p'
NM='/usr/bin/nm -B'
NMEDIT=''
OBJDUMP='objdump'
OBJEXT='o'
OTOOL64=''
OTOOL=''
PACKAGE='libnl'
PACKAGE_BUGREPORT=''
PACKAGE_NAME='libnl'
PACKAGE_STRING='libnl 3.11.0'
PACKAGE_TARNAME='libnl'
PACKAGE_URL='http://www.infradead.org/~tgr/libnl/'
PACKAGE_VERSION='3.11.0'
PATH_SEPARATOR=':'
PKG_CONFIG='/usr/bin/pkg-config'
PKG_CONFIG_LIBDIR=''
PKG_CONFIG_PATH=''
RANLIB='ranlib'
SED='/usr/bin/sed'
SET_MAKE=''
SHELL='/bin/sh'
STRIP='strip'
VERSION='3.11.0'
WITH_CHECK_FALSE=''
WITH_CHECK_TRUE='#'
YACC='bison -y'
ac_ct_AR='ar'
ac_ct_CC='gcc'
ac_ct_CXX='g++'
ac_ct_DUMPBIN=''
am__EXEEXT_FALSE=''
am__EXEEXT_TRUE='#'
am__fastdepCC_FALSE='#'
am__fastdepCC_TRUE=''
am__fastdepCXX_FALSE='#'
am__fastdepCXX_TRUE=''
am__include='include'
am__isrc=''
am__leading_dot='.'
am__nodep='_no'
am__quote=''
am__tar='$${TAR-tar} chof - "$$tardir"'
am__untar='$${TAR-tar} xf -'
bindir='${exec_prefix}/bin'
build='x86_64-pc-linux-gnu'
build_alias=''
build_cpu='x86_64'
build_os='linux-gnu'
build_vendor='pc'
datadir='${datarootdir}'
datarootdir='${prefix}/share'
docdir='${datarootdir}/doc/${PACKAGE_TARNAME}'
dvidir='${docdir}'
exec_prefix='${prefix}'
host='x86_64-pc-linux-gnu'
host_alias=''
host_cpu='x86_64'
host_os='linux-gnu'
host_vendor='pc'
htmldir='${docdir}'
includedir='${prefix}/include'
infodir='${datarootdir}/info'
install_sh='${SHELL} /work/bryant/Git/ohnet/thirdparty/libnl-3.11.0/build-aux/install-sh'
libdir='${exec_prefix}/lib'
libexecdir='${exec_prefix}/libexec'
localedir='${datarootdir}/locale'
localstatedir='${prefix}/var'
mandir='${datarootdir}/man'
mkdir_p='$(MKDIR_P)'
oldincludedir='/usr/include'
pdfdir='${docdir}'
pkgconfigdir='${libdir}/pkgconfig'
prefix='/usr/local'
program_transform_name='s,x,x,'
psdir='${docdir}'
runstatedir='${localstatedir}/run'
sbindir='${exec_prefix}/sbin'
sharedstatedir='${prefix}/com'
subdirs=' doc'
sysconfdir='${prefix}/etc'
target_alias=''

## ----------- ##
## confdefs.h. ##
## ----------- ##

/* confdefs.h */
#define PACKAGE_NAME "libnl"
#define PACKAGE_TARNAME "libnl"
#define PACKAGE_VERSION "3.11.0"
#define PACKAGE_STRING "libnl 3.11.0"
#define PACKAGE_BUGREPORT ""
#define PACKAGE_URL "http://www.infradead.org/~tgr/libnl/"
#define PACKAGE "libnl"
#define VERSION "3.11.0"
#define HAVE_STDIO_H 1
#define HAVE_STDLIB_H 1
#define HAVE_STRING_H 1
#define HAVE_INTTYPES_H 1
#define HAVE_STDINT_H 1
#define HAVE_STRINGS_H 1
#define HAVE_SYS_STAT_H 1
#define HAVE_SYS_TYPES_H 1
#define HAVE_UNISTD_H 1
#define HAVE_WCHAR_H 1
#define STDC_HEADERS 1
#define _ALL_SOURCE 1
#define _DARWIN_C_SOURCE 1
#define _GNU_SOURCE 1
#define _HPUX_ALT_XOPEN_SOCKET_API 1
#define _NETBSD_SOURCE 1
#define _OPENBSD_SOURCE 1
#define _POSIX_PTHREAD_SEMANTICS 1
#define __STDC_WANT_IEC_60559_ATTRIBS_EXT__ 1
#define __STDC_WANT_IEC_60559_BFP_EXT__ 1
#define __STDC_WANT_IEC_60559_DFP_EXT__ 1
#define __STDC_WANT_IEC_60559_FUNCS_EXT__ 1
#define __STDC_WANT_IEC_60559_TYPES_EXT__ 1
#define __STDC_WANT_LIB_EXT2__ 1
#define __STDC_WANT_MATH_SPEC_FUNCS__ 1
#define _TANDEM_SOURCE 1
#define __EXTENSIONS__ 1
#define HAVE_DLFCN_H 1
#define LT_OBJDIR ".libs/"
#define HAVE_DLFCN_H 1
#define HAVE_LIBPTHREAD 1
#define NL_DEBUG 1
#define HAVE_STRERROR_L 1
#define HAVE_DECL_GETPROTOBYNAME_R 1
#define HAVE_DECL_GETPROTOBYNUMBER_R 1

configure: exit 0
